// Jest Snapshot v1, https://goo.gl/fbAQLP

exports[`renders demo correctly 1`] = `
<div class="demo-wrap demo-wrap--gray demo-wrap--flex">
  <div>
    <div hover-class="press-cell--hover," hover-stay-time="70" class=" press-cell press-cell--clickable">
      <div class="press-cell__title">
        自定义
        <!---->
      </div>
      <!---->
      <div class="press-cell__right-icon-wrap press-cell__right-icon  press-icon-plus press-icon-plus-arrow">
        <!---->
        <!---->
      </div>
    </div>
  </div>
  <div class="demo-container">
    <div id="scrollViewId" class=" " style="height: 100%;">
      <div class="uni-scroll-view">
        <div class="uni-scroll-view" style="overflow-x: hidden; overflow-y: auto;">
          <div class="uni-scroll-view-content">
            <!---->
            <div class="press-list__layout">
              <div class="list__wrap" style="height: 0px;">
                <div style="height: 0px;"></div>
              </div>
              <!---->
              <!---->
              <div class="press-list__placeholder"></div>
            </div>
          </div>
        </div>
      </div>
    </div>
  </div>
  <!---->
  <!---->
</div>
`;
