// Jest Snapshot v1, https://goo.gl/fbAQLP

exports[`renders demo correctly 1`] = `
<div class="demo-wrap">
  <div>
    <div hover-class="press-cell--hover," hover-stay-time="70" class=" press-cell press-cell--clickable">
      <div class="press-cell__title">
        提示弹窗
        <!---->
      </div>
      <!---->
      <div class="press-cell__right-icon-wrap press-cell__right-icon  press-icon-plus press-icon-plus-arrow">
        <!---->
        <!---->
      </div>
    </div>
    <div hover-class="press-cell--hover," hover-stay-time="70" class=" press-cell press-cell--clickable">
      <div class="press-cell__title">
        提示弹窗（无标题）
        <!---->
      </div>
      <!---->
      <div class="press-cell__right-icon-wrap press-cell__right-icon  press-icon-plus press-icon-plus-arrow">
        <!---->
        <!---->
      </div>
    </div>
    <div hover-class="press-cell--hover," hover-stay-time="70" class=" press-cell press-cell--clickable">
      <div class="press-cell__title">
        确认弹窗
        <!---->
      </div>
      <!---->
      <div class="press-cell__right-icon-wrap press-cell__right-icon  press-icon-plus press-icon-plus-arrow">
        <!---->
        <!---->
      </div>
    </div>
  </div>
  <div>
    <div hover-class="press-cell--hover," hover-stay-time="70" class=" press-cell press-cell--clickable">
      <div class="press-cell__title">
        异步关闭
        <!---->
      </div>
      <!---->
      <div class="press-cell__right-icon-wrap press-cell__right-icon  press-icon-plus press-icon-plus-arrow">
        <!---->
        <!---->
      </div>
    </div>
  </div>
  <div>
    <div hover-class="press-cell--hover," hover-stay-time="70" class=" press-cell press-cell--clickable">
      <div class="press-cell__title">
        组件调用
        <!---->
      </div>
      <!---->
      <div class="press-cell__right-icon-wrap press-cell__right-icon  press-icon-plus press-icon-plus-arrow">
        <!---->
        <!---->
      </div>
    </div>
  </div>
  <div class="press-dialog-index">
    <div>
      <div class="press-overlay-index">
        <!---->
      </div>
      <!---->
    </div>
  </div>
  <div class="press-dialog-index">
    <div>
      <div class="press-overlay-index">
        <!---->
      </div>
      <!---->
    </div>
  </div>
</div>
`;
